Error: Not allowed by CORS
    at origin (C:\Users\hassa\Downloads\volleyops-1\backend\server.js:20:8)
    at C:\Users\hassa\Downloads\volleyops-1\backend\node_modules\cors\lib\index.js:219:13
    at optionsCallback (C:\Users\hassa\Downloads\volleyops-1\backend\node_modules\cors\lib\index.js:199:9)
    at corsMiddleware (C:\Users\hassa\Downloads\volleyops-1\backend\node_modules\cors\lib\index.js:204:7)
    at Layer.handle [as handle_request] (C:\Users\hassa\Downloads\volleyops-1\backend\node_modules\express\lib\router\layer.js:95:5)
    at trim_prefix (C:\Users\hassa\Downloads\volleyops-1\backend\node_modules\express\lib\router\index.js:328:13)
    at C:\Users\hassa\Downloads\volleyops-1\backend\node_modules\express\lib\router\index.js:286:9
    at router.process_params (C:\Users\hassa\Downloads\volleyops-1\backend\node_modules\express\lib\router\index.js:346:12)
    at next (C:\Users\hassa\Downloads\volleyops-1\backend\node_modules\express\lib\router\index.js:280:10)
    at expressInit (C:\Users\hassa\Downloads\volleyops-1\backend\node_modules\express\lib\middleware\init.js:40:5)
Error: Not allowed by CORS
    at origin (C:\Users\hassa\Downloads\volleyops-1\backend\server.js:20:8)
    at C:\Users\hassa\Downloads\volleyops-1\backend\node_modules\cors\lib\index.js:219:13
    at optionsCallback (C:\Users\hassa\Downloads\volleyops-1\backend\node_modules\cors\lib\index.js:199:9)
    at corsMiddleware (C:\Users\hassa\Downloads\volleyops-1\backend\node_modules\cors\lib\index.js:204:7)
    at Layer.handle [as handle_request] (C:\Users\hassa\Downloads\volleyops-1\backend\node_modules\express\lib\router\layer.js:95:5)
    at trim_prefix (C:\Users\hassa\Downloads\volleyops-1\backend\node_modules\express\lib\router\index.js:328:13)
    at C:\Users\hassa\Downloads\volleyops-1\backend\node_modules\express\lib\router\index.js:286:9
    at router.process_params (C:\Users\hassa\Downloads\volleyops-1\backend\node_modules\express\lib\router\index.js:346:12)
    at next (C:\Users\hassa\Downloads\volleyops-1\backend\node_modules\express\lib\router\index.js:280:10)
    at expressInit (C:\Users\hassa\Downloads\volleyops-1\backend\node_modules\express\lib\middleware\init.js:40:5)
Error: Not allowed by CORS
    at origin (C:\Users\hassa\Downloads\volleyops-1\backend\server.js:20:8)
    at C:\Users\hassa\Downloads\volleyops-1\backend\node_modules\cors\lib\index.js:219:13
    at optionsCallback (C:\Users\hassa\Downloads\volleyops-1\backend\node_modules\cors\lib\index.js:199:9)
    at corsMiddleware (C:\Users\hassa\Downloads\volleyops-1\backend\node_modules\cors\lib\index.js:204:7)
    at Layer.handle [as handle_request] (C:\Users\hassa\Downloads\volleyops-1\backend\node_modules\express\lib\router\layer.js:95:5)
    at trim_prefix (C:\Users\hassa\Downloads\volleyops-1\backend\node_modules\express\lib\router\index.js:328:13)
    at C:\Users\hassa\Downloads\volleyops-1\backend\node_modules\express\lib\router\index.js:286:9
    at router.process_params (C:\Users\hassa\Downloads\volleyops-1\backend\node_modules\express\lib\router\index.js:346:12)
    at next (C:\Users\hassa\Downloads\volleyops-1\backend\node_modules\express\lib\router\index.js:280:10)
    at expressInit (C:\Users\hassa\Downloads\volleyops-1\backend\node_modules\express\lib\middleware\init.js:40:5)
